===== System Report =====
Date & Time: Thu Nov 20 16:30:01 UTC 2025
Uptime: up 2 hours, 50 minutes
CPU Usage: 0%
Memory Usage:
               total        used        free      shared  buff/cache   available
Mem:           957Mi       390Mi        91Mi       992Ki       641Mi       566Mi
Swap:             0B          0B          0B
Disk Usage:
Filesystem      Size  Used Avail Use% Mounted on
/dev/root       6.8G  2.5G  4.3G  37% /
Top 3 Processes by CPU:
USER         PID %CPU %MEM    VSZ   RSS TTY      STAT START   TIME COMMAND
root        2278  0.1  3.5 1791320 35124 ?       Ssl  14:31   0:08 /usr/bin/containerd
ubuntu      1126  0.0  0.7  15568  7576 ?        S    13:49   0:07 sshd: ubuntu@pts/0
root        2457  0.0  9.3 1916264 91644 ?       Ssl  14:31   0:04 /usr/bin/dockerd -H fd:// --containerd=/run/containerd/containerd.sock
===========================
===== System Report =====
Date & Time: Thu Nov 20 16:35:01 UTC 2025
Uptime: up 2 hours, 55 minutes
CPU Usage: 0%
Memory Usage:
               total        used        free      shared  buff/cache   available
Mem:           957Mi       390Mi        91Mi       992Ki       641Mi       566Mi
Swap:             0B          0B          0B
Disk Usage:
Filesystem      Size  Used Avail Use% Mounted on
/dev/root       6.8G  2.5G  4.3G  37% /
Top 3 Processes by CPU:
USER         PID %CPU %MEM    VSZ   RSS TTY      STAT START   TIME COMMAND
root        2278  0.1  3.5 1791320 35124 ?       Ssl  14:31   0:09 /usr/bin/containerd
ubuntu      1126  0.0  0.7  15568  7576 ?        S    13:49   0:07 sshd: ubuntu@pts/0
root        2457  0.0  9.3 1916264 91644 ?       Ssl  14:31   0:04 /usr/bin/dockerd -H fd:// --containerd=/run/containerd/containerd.sock
===========================
